// Jest Snapshot v1, https://goo.gl/fbAQLP

exports[`Tests AddCategory component Should display correctly 1`] = `
<form
  onSubmit={[Function]}
>
  <input
    onChange={[Function]}
    placeholder="Add here..."
    type="text"
    value=""
  />
</form>
`;
